BL51 BANKED LINKER/LOCATER V6.22                                                        02/09/2022  13:53:41  PAGE 1


BL51 BANKED LINKER/LOCATER V6.22, INVOKED BY:
E:\KEIL5\C51\BIN\BL51.EXE Delay.obj, key_TIMER.obj, main.obj, Matrix_Timer.obj, Nixie_Timer.obj, Timer0.obj TO 111 RAMSI
>> ZE (256)


MEMORY MODEL: SMALL


INPUT MODULES INCLUDED:
  Delay.obj (DELAY)
  key_TIMER.obj (KEY_TIMER)
  main.obj (MAIN)
  Matrix_Timer.obj (MATRIX_TIMER)
  Nixie_Timer.obj (NIXIE_TIMER)
  Timer0.obj (TIMER0)
  E:\KEIL5\C51\LIB\C51S.LIB (?C_STARTUP)
  E:\KEIL5\C51\LIB\C51S.LIB (?C_INIT)


LINK MAP OF MODULE:  111 (DELAY)


            TYPE    BASE      LENGTH    RELOCATION   SEGMENT NAME
            -----------------------------------------------------

            * * * * * * *   D A T A   M E M O R Y   * * * * * * *
            REG     0000H     0008H     ABSOLUTE     "REG BANK 0"
            DATA    0008H     001CH     UNIT         ?DT?NIXIE_TIMER
            DATA    0024H     0005H     UNIT         ?DT?MAIN
            DATA    0029H     0003H     UNIT         ?DT?KEY_TIMER
            DATA    002CH     0003H     UNIT         ?DT?MATRIX_TIMER
            DATA    002FH     0001H     UNIT         _DATA_GROUP_
            IDATA   0030H     0001H     UNIT         ?STACK

            * * * * * * *   C O D E   M E M O R Y   * * * * * * *
            CODE    0000H     0003H     ABSOLUTE     
            CODE    0003H     0006H     UNIT         ?PR?KEY?KEY_TIMER
                    0009H     0002H                  *** GAP ***
            CODE    000BH     0003H     ABSOLUTE     
            CODE    000EH     018AH     UNIT         ?PR?MATRIX_STATE?MATRIX_TIMER
            CODE    0198H     008CH     UNIT         ?C_C51STARTUP
            CODE    0224H     0076H     UNIT         ?PR?TIMER0_ROUTINE?MAIN
            CODE    029AH     0066H     UNIT         ?PR?_NIXIE?NIXIE_TIMER
            CODE    0300H     0032H     UNIT         ?PR?MATRIX_LOOP?MATRIX_TIMER
            CODE    0332H     0031H     UNIT         ?PR?KEY_LOOP?KEY_TIMER
            CODE    0363H     0023H     UNIT         ?C_INITSEG
            CODE    0386H     001CH     UNIT         ?PR?NIXIE_LOOP?NIXIE_TIMER
            CODE    03A2H     0017H     UNIT         ?PR?TIMER0_INIT?TIMER0
            CODE    03B9H     0016H     UNIT         ?PR?KEY_GETSTATE?KEY_TIMER
            CODE    03CFH     0016H     UNIT         ?PR?MAIN?MAIN
            CODE    03E5H     0014H     UNIT         ?PR?_DELAYMS?DELAY
            CODE    03F9H     0009H     UNIT         ?PR?_NIXIE_SCAN?NIXIE_TIMER
            CODE    0402H     0006H     UNIT         ?PR?MATRIX_NUM?MATRIX_TIMER



OVERLAY MAP OF MODULE:   111 (DELAY)

BL51 BANKED LINKER/LOCATER V6.22                                                      02/09/2022  13:53:41  PAGE 2



SEGMENT                                 DATA_GROUP 
  +--> CALLED SEGMENT                 START    LENGTH
-----------------------------------------------------
?PR?TIMER0_ROUTINE?MAIN               -----    -----
  +--> ?PR?MATRIX_LOOP?MATRIX_TIMER
  +--> ?PR?NIXIE_LOOP?NIXIE_TIMER

?PR?MATRIX_LOOP?MATRIX_TIMER          -----    -----
  +--> ?PR?MATRIX_STATE?MATRIX_TIMER

?PR?MATRIX_STATE?MATRIX_TIMER         002FH    0001H
  +--> ?PR?_DELAYMS?DELAY

?PR?NIXIE_LOOP?NIXIE_TIMER            -----    -----
  +--> ?PR?_NIXIE?NIXIE_TIMER

*** NEW ROOT ***************************************************

?C_C51STARTUP                         -----    -----
  +--> ?PR?MAIN?MAIN
  +--> ?C_INITSEG

?PR?MAIN?MAIN                         -----    -----
  +--> ?PR?TIMER0_INIT?TIMER0
  +--> ?PR?MATRIX_NUM?MATRIX_TIMER
  +--> ?PR?_NIXIE_SCAN?NIXIE_TIMER



SYMBOL TABLE OF MODULE:  111 (DELAY)

  VALUE           TYPE          NAME
  ----------------------------------

  -------         MODULE        DELAY
  C:0000H         SYMBOL        _ICE_DUMMY_
  C:03E5H         PUBLIC        _Delayms
  -------         PROC          _DELAYMS
  D:0006H         SYMBOL        ms
  -------         DO            
  D:0005H         SYMBOL        i
  D:0004H         SYMBOL        j
  -------         ENDDO         
  C:03E5H         LINE#         8
  C:03E5H         LINE#         9
  C:03E5H         LINE#         11
  C:03E9H         LINE#         12
  C:03E9H         LINE#         13
  C:03EBH         LINE#         14
  C:03EDH         LINE#         16
  C:03EDH         LINE#         17
  C:03EFH         LINE#         18
  C:03F1H         LINE#         19
  C:03F6H         LINE#         20
  C:03F8H         LINE#         21
  -------         ENDPROC       _DELAYMS
BL51 BANKED LINKER/LOCATER V6.22                                                      02/09/2022  13:53:41  PAGE 3


  -------         ENDMOD        DELAY

  -------         MODULE        KEY_TIMER
  C:0000H         SYMBOL        _ICE_DUMMY_
  B:00B0H.0       PUBLIC        P3_0
  B:00B0H.1       PUBLIC        P3_1
  B:00B0H.2       PUBLIC        P3_2
  B:00B0H.3       PUBLIC        P3_3
  C:0332H         PUBLIC        Key_Loop
  C:0003H         PUBLIC        Key
  C:03B9H         PUBLIC        Key_GetState
  D:002BH         PUBLIC        K_KeyNumber
  -------         PROC          KEY
  -------         DO            
  D:0007H         SYMBOL        Temp
  -------         ENDDO         
  C:0003H         LINE#         12
  C:0003H         LINE#         13
  C:0003H         LINE#         14
  C:0004H         LINE#         15
  C:0006H         LINE#         16
  C:0008H         LINE#         17
  C:0008H         LINE#         18
  -------         ENDPROC       KEY
  -------         PROC          KEY_GETSTATE
  -------         DO            
  D:0007H         SYMBOL        KeyNumber
  -------         ENDDO         
  C:03B9H         LINE#         24
  C:03B9H         LINE#         25
  C:03B9H         LINE#         26
  C:03BBH         LINE#         27
  C:03BFH         LINE#         28
  C:03C4H         LINE#         29
  C:03C9H         LINE#         30
  C:03CEH         LINE#         31
  C:03CEH         LINE#         32
  -------         ENDPROC       KEY_GETSTATE
  -------         PROC          KEY_LOOP
  -------         DO            
  D:0029H         SYMBOL        N_State
  D:002AH         SYMBOL        L_State
  D:0006H         SYMBOL        i
  -------         ENDDO         
  C:0332H         LINE#         40
  C:0332H         LINE#         41
  C:0332H         LINE#         44
  C:0335H         LINE#         45
  C:033AH         LINE#         47
  C:033DH         LINE#         48
  C:033DH         LINE#         49
  C:0352H         LINE#         50
  C:0352H         LINE#         51
  C:0356H         LINE#         52
  C:0357H         LINE#         53
  C:0357H         LINE#         54
  C:0362H         LINE#         55
BL51 BANKED LINKER/LOCATER V6.22                                                      02/09/2022  13:53:41  PAGE 4


  -------         ENDPROC       KEY_LOOP
  -------         ENDMOD        KEY_TIMER

  -------         MODULE        MAIN
  C:0000H         SYMBOL        _ICE_DUMMY_
  C:0224H         PUBLIC        Timer0_Routine
  C:03CFH         PUBLIC        main
  D:008CH         PUBLIC        TH0
  D:008AH         PUBLIC        TL0
  D:0028H         PUBLIC        KeyNum
  -------         PROC          MAIN
  C:03CFH         LINE#         10
  C:03CFH         LINE#         11
  C:03CFH         LINE#         12
  C:03D2H         LINE#         13
  C:03D2H         LINE#         14
  C:03D2H         LINE#         15
  C:03D7H         LINE#         16
  C:03DBH         LINE#         17
  C:03E3H         LINE#         18
  -------         ENDPROC       MAIN
  -------         PROC          TIMER0_ROUTINE
  -------         DO            
  D:0024H         SYMBOL        T0count1
  D:0026H         SYMBOL        T0count2
  -------         ENDDO         
  C:0224H         LINE#         20
  C:0241H         LINE#         23
  C:0244H         LINE#         24
  C:0247H         LINE#         25
  C:0252H         LINE#         26
  C:0252H         LINE#         27
  C:0258H         LINE#         28
  C:025BH         LINE#         29
  C:025BH         LINE#         30
  C:0263H         LINE#         31
  C:026EH         LINE#         32
  C:026EH         LINE#         33
  C:0274H         LINE#         34
  C:0277H         LINE#         35
  C:0277H         LINE#         36
  C:027FH         LINE#         38
  -------         ENDPROC       TIMER0_ROUTINE
  -------         ENDMOD        MAIN

  -------         MODULE        MATRIX_TIMER
  C:0000H         SYMBOL        _ICE_DUMMY_
  D:0090H         PUBLIC        P1
  C:0402H         PUBLIC        Matrix_Num
  B:0090H.0       PUBLIC        P1_0
  B:0090H.1       PUBLIC        P1_1
  B:0090H.2       PUBLIC        P1_2
  B:0090H.3       PUBLIC        P1_3
  B:0090H.4       PUBLIC        P1_4
  B:0090H.5       PUBLIC        P1_5
  B:0090H.6       PUBLIC        P1_6
  B:0090H.7       PUBLIC        P1_7
BL51 BANKED LINKER/LOCATER V6.22                                                      02/09/2022  13:53:41  PAGE 5


  D:002EH         PUBLIC        Matrix_Number
  C:000EH         PUBLIC        Matrix_State
  C:0300H         PUBLIC        Matrix_Loop
  -------         PROC          MATRIX_NUM
  -------         DO            
  D:0007H         SYMBOL        Temp
  -------         ENDDO         
  C:0402H         LINE#         6
  C:0402H         LINE#         7
  C:0402H         LINE#         8
  C:0403H         LINE#         9
  C:0405H         LINE#         10
  C:0407H         LINE#         11
  C:0407H         LINE#         12
  -------         ENDPROC       MATRIX_NUM
  -------         PROC          MATRIX_STATE
  -------         DO            
  D:002FH         SYMBOL        KeyNumber
  -------         ENDDO         
  C:000EH         LINE#         19
  C:000EH         LINE#         20
  C:000EH         LINE#         21
  C:0011H         LINE#         22
  C:0014H         LINE#         23
  C:0016H         LINE#         24
  C:002DH         LINE#         25
  C:0044H         LINE#         26
  C:005BH         LINE#         27
  C:0072H         LINE#         29
  C:0075H         LINE#         30
  C:0077H         LINE#         31
  C:008EH         LINE#         32
  C:00A5H         LINE#         33
  C:00BCH         LINE#         34
  C:00D3H         LINE#         36
  C:00D6H         LINE#         37
  C:00D8H         LINE#         38
  C:00EFH         LINE#         39
  C:0106H         LINE#         40
  C:011DH         LINE#         41
  C:0134H         LINE#         43
  C:0137H         LINE#         44
  C:0139H         LINE#         45
  C:0150H         LINE#         46
  C:0167H         LINE#         47
  C:017EH         LINE#         48
  C:0195H         LINE#         50
  C:0197H         LINE#         51
  -------         ENDPROC       MATRIX_STATE
  -------         PROC          MATRIX_LOOP
  -------         DO            
  D:002CH         SYMBOL        N_State
  D:002DH         SYMBOL        L_State
  D:0006H         SYMBOL        i
  -------         ENDDO         
  C:0300H         LINE#         52
  C:0300H         LINE#         53
BL51 BANKED LINKER/LOCATER V6.22                                                      02/09/2022  13:53:41  PAGE 6


  C:0300H         LINE#         56
  C:0303H         LINE#         57
  C:0308H         LINE#         59
  C:030BH         LINE#         60
  C:030BH         LINE#         61
  C:0321H         LINE#         62
  C:0321H         LINE#         63
  C:0325H         LINE#         64
  C:0326H         LINE#         65
  C:0326H         LINE#         66
  C:0331H         LINE#         67
  -------         ENDPROC       MATRIX_LOOP
  -------         ENDMOD        MATRIX_TIMER

  -------         MODULE        NIXIE_TIMER
  C:0000H         SYMBOL        _ICE_DUMMY_
  D:0009H         PUBLIC        Nixie_Buf
  C:029AH         PUBLIC        _Nixie
  D:0080H         PUBLIC        P0
  D:0012H         PUBLIC        Nixie_Num
  B:00A0H.2       PUBLIC        P2_2
  B:00A0H.3       PUBLIC        P2_3
  B:00A0H.4       PUBLIC        P2_4
  C:03F9H         PUBLIC        _Nixie_Scan
  C:0386H         PUBLIC        Nixie_Loop
  -------         PROC          _NIXIE
  D:0007H         SYMBOL        Location
  D:0004H         SYMBOL        Number
  C:029AH         LINE#         7
  C:029AH         LINE#         8
  C:029AH         LINE#         9
  C:029DH         LINE#         10
  C:02CAH         LINE#         11
  C:02CAH         LINE#         12
  C:02CEH         LINE#         13
  C:02D2H         LINE#         14
  C:02D6H         LINE#         15
  C:02DAH         LINE#         16
  C:02E2H         LINE#         17
  C:02EAH         LINE#         18
  C:02F2H         LINE#         19
  C:02F8H         LINE#         20
  C:02F8H         LINE#         21
  C:02FFH         LINE#         22
  -------         ENDPROC       _NIXIE
  -------         PROC          NIXIE_LOOP
  -------         DO            
  D:0008H         SYMBOL        i
  -------         ENDDO         
  C:0386H         LINE#         23
  C:0386H         LINE#         24
  C:0386H         LINE#         26
  C:0394H         LINE#         27
  C:0396H         LINE#         28
  C:03A1H         LINE#         29
  -------         ENDPROC       NIXIE_LOOP
  -------         PROC          _NIXIE_SCAN
BL51 BANKED LINKER/LOCATER V6.22                                                      02/09/2022  13:53:41  PAGE 7


  D:0007H         SYMBOL        Location
  D:0004H         SYMBOL        Number
  C:03F9H         LINE#         30
  C:03F9H         LINE#         31
  C:03F9H         LINE#         32
  C:0401H         LINE#         33
  -------         ENDPROC       _NIXIE_SCAN
  -------         ENDMOD        NIXIE_TIMER

  -------         MODULE        TIMER0
  C:0000H         SYMBOL        _ICE_DUMMY_
  B:00A8H.7       PUBLIC        EA
  C:03A2H         PUBLIC        Timer0_Init
  D:0089H         PUBLIC        TMOD
  B:00A8H.1       PUBLIC        ET0
  B:0088H.5       PUBLIC        TF0
  D:008CH         PUBLIC        TH0
  D:008AH         PUBLIC        TL0
  B:00B8H.1       PUBLIC        PT0
  B:0088H.4       PUBLIC        TR0
  -------         PROC          TIMER0_INIT
  C:03A2H         LINE#         8
  C:03A2H         LINE#         9
  C:03A2H         LINE#         11
  C:03A5H         LINE#         12
  C:03A8H         LINE#         14
  C:03AAH         LINE#         15
  C:03ACH         LINE#         16
  C:03AFH         LINE#         17
  C:03B2H         LINE#         18
  C:03B4H         LINE#         19
  C:03B6H         LINE#         20
  C:03B8H         LINE#         21
  -------         ENDPROC       TIMER0_INIT
  -------         ENDMOD        TIMER0

*** WARNING L16: UNCALLED SEGMENT, IGNORED FOR OVERLAY PROCESS
    SEGMENT: ?PR?KEY?KEY_TIMER

*** WARNING L16: UNCALLED SEGMENT, IGNORED FOR OVERLAY PROCESS
    SEGMENT: ?PR?KEY_LOOP?KEY_TIMER

Program Size: data=49.0 xdata=0 code=1030
LINK/LOCATE RUN COMPLETE.  2 WARNING(S),  0 ERROR(S)
