BL51 BANKED LINKER/LOCATER V6.22                                                        01/11/2022  09:44:37  PAGE 1


BL51 BANKED LINKER/LOCATER V6.22, INVOKED BY:
E:\KEIL5\C51\BIN\BL51.EXE Scom_1.obj TO Scom_1 RAMSIZE (256)


MEMORY MODEL: SMALL


INPUT MODULES INCLUDED:
  Scom_1.obj (SCOM_1)
  E:\KEIL5\C51\LIB\C51S.LIB (?C_STARTUP)
  E:\KEIL5\C51\LIB\C51S.LIB (?C_INIT)


LINK MAP OF MODULE:  Scom_1 (SCOM_1)


            TYPE    BASE      LENGTH    RELOCATION   SEGMENT NAME
            -----------------------------------------------------

            * * * * * * *   D A T A   M E M O R Y   * * * * * * *
            REG     0000H     0008H     ABSOLUTE     "REG BANK 0"
            DATA    0008H     0008H     UNIT         ?DT?SCOM_1
            IDATA   0010H     0001H     UNIT         ?STACK

            * * * * * * *   C O D E   M E M O R Y   * * * * * * *
            CODE    0000H     0003H     ABSOLUTE     
                    0003H     0020H                  *** GAP ***
            CODE    0023H     0003H     ABSOLUTE     
                    0026H     07DAH                  *** GAP ***
            CODE    0800H     008CH     UNIT         ?C_C51STARTUP
            CODE    088CH     0017H     UNIT         ?PR?USART?SCOM_1
            CODE    08A3H     0016H     UNIT         ?PR?SCOM_INIT?SCOM_1
            CODE    08B9H     000BH     UNIT         ?C_INITSEG
            CODE    08C4H     0005H     UNIT         ?PR?MAIN?SCOM_1



OVERLAY MAP OF MODULE:   Scom_1 (SCOM_1)


SEGMENT
  +--> CALLED SEGMENT
---------------------
?C_C51STARTUP
  +--> ?PR?MAIN?SCOM_1
  +--> ?C_INITSEG

?PR?MAIN?SCOM_1
  +--> ?PR?SCOM_INIT?SCOM_1



SYMBOL TABLE OF MODULE:  Scom_1 (SCOM_1)

  VALUE           TYPE          NAME
  ----------------------------------

  -------         MODULE        SCOM_1
BL51 BANKED LINKER/LOCATER V6.22                                                      01/11/2022  09:44:37  PAGE 2


  C:0000H         SYMBOL        _ICE_DUMMY_
  B:00A8H.7       PUBLIC        EA
  C:08A3H         PUBLIC        Scom_Init
  D:0008H         PUBLIC        table
  C:088CH         PUBLIC        Usart
  B:00A8H.4       PUBLIC        ES
  B:0098H.0       PUBLIC        RI
  B:0098H.1       PUBLIC        TI
  C:08C4H         PUBLIC        main
  D:0099H         PUBLIC        SBUF
  D:0087H         PUBLIC        PCON
  D:0098H         PUBLIC        SCON
  D:0089H         PUBLIC        TMOD
  D:008DH         PUBLIC        TH1
  D:008BH         PUBLIC        TL1
  B:0088H.6       PUBLIC        TR1
  -------         PROC          SCOM_INIT
  C:08A3H         LINE#         8
  C:08A3H         LINE#         9
  C:08A3H         LINE#         10
  C:08A6H         LINE#         11
  C:08A9H         LINE#         12
  C:08ACH         LINE#         13
  C:08AFH         LINE#         14
  C:08B1H         LINE#         15
  C:08B4H         LINE#         16
  C:08B6H         LINE#         17
  C:08B8H         LINE#         18
  -------         ENDPROC       SCOM_INIT
  -------         PROC          USART
  -------         DO            
  D:0007H         SYMBOL        receiveData
  -------         ENDDO         
  C:088CH         LINE#         20
  C:0893H         LINE#         23
  C:0895H         LINE#         24
  C:0897H         LINE#         25
  C:0899H         LINE#         26
  C:089CH         LINE#         27
  C:089EH         LINE#         28
  -------         ENDPROC       USART
  -------         PROC          MAIN
  C:08C4H         LINE#         31
  C:08C4H         LINE#         32
  C:08C4H         LINE#         33
  C:08C7H         LINE#         34
  -------         ENDPROC       MAIN
  -------         ENDMOD        SCOM_1

******************************************************************************
* RESTRICTED VERSION WITH 0800H BYTE CODE SIZE LIMIT; USED: 003FH BYTE ( 3%) *
******************************************************************************

Program Size: data=17.0 xdata=0 code=207
LINK/LOCATE RUN COMPLETE.  0 WARNING(S),  0 ERROR(S)
