BL51 BANKED LINKER/LOCATER V6.22                                                        01/07/2022  14:35:06  PAGE 1


BL51 BANKED LINKER/LOCATER V6.22, INVOKED BY:
E:\KEIL5\C51\BIN\BL51.EXE Led_2.obj TO Led_2 RAMSIZE (256)


MEMORY MODEL: SMALL


INPUT MODULES INCLUDED:
  Led_2.obj (LED_2)
  E:\KEIL5\C51\LIB\C51S.LIB (?C_STARTUP)


LINK MAP OF MODULE:  Led_2 (LED_2)


            TYPE    BASE      LENGTH    RELOCATION   SEGMENT NAME
            -----------------------------------------------------

            * * * * * * *   D A T A   M E M O R Y   * * * * * * *
            REG     0000H     0008H     ABSOLUTE     "REG BANK 0"
            IDATA   0008H     0001H     UNIT         ?STACK

            * * * * * * *   C O D E   M E M O R Y   * * * * * * *
            CODE    0000H     0003H     ABSOLUTE     
                    0003H     07FDH                  *** GAP ***
            CODE    0800H     000EH     UNIT         ?PR?DELAY500MS?LED_2
            CODE    080EH     000EH     UNIT         ?PR?MAIN?LED_2
            CODE    081CH     000CH     UNIT         ?C_C51STARTUP



OVERLAY MAP OF MODULE:   Led_2 (LED_2)


SEGMENT
  +--> CALLED SEGMENT
---------------------
?C_C51STARTUP
  +--> ?PR?MAIN?LED_2

?PR?MAIN?LED_2
  +--> ?PR?DELAY500MS?LED_2



SYMBOL TABLE OF MODULE:  Led_2 (LED_2)

  VALUE           TYPE          NAME
  ----------------------------------

  -------         MODULE        LED_2
  C:0000H         SYMBOL        _ICE_DUMMY_
  D:00A0H         PUBLIC        P2
  C:080EH         PUBLIC        main
  C:0800H         PUBLIC        Delay500ms
  -------         PROC          DELAY500MS
  -------         DO            
  D:0007H         SYMBOL        i
BL51 BANKED LINKER/LOCATER V6.22                                                      01/07/2022  14:35:06  PAGE 2


  D:0006H         SYMBOL        j
  D:0005H         SYMBOL        k
  -------         ENDDO         
  C:0800H         LINE#         3
  C:0800H         LINE#         4
  C:0800H         LINE#         7
  C:0801H         LINE#         8
  C:0803H         LINE#         9
  C:0805H         LINE#         10
  C:0807H         LINE#         12
  C:0807H         LINE#         14
  C:0807H         LINE#         15
  C:0809H         LINE#         16
  C:080BH         LINE#         17
  C:080DH         LINE#         18
  -------         ENDPROC       DELAY500MS
  -------         PROC          MAIN
  C:080EH         LINE#         19
  C:080EH         LINE#         20
  C:080EH         LINE#         21
  C:080EH         LINE#         22
  C:080EH         LINE#         23
  C:0811H         LINE#         24
  C:0814H         LINE#         25
  C:0817H         LINE#         26
  C:081AH         LINE#         27
  -------         ENDPROC       MAIN
  -------         ENDMOD        LED_2

******************************************************************************
* RESTRICTED VERSION WITH 0800H BYTE CODE SIZE LIMIT; USED: 001CH BYTE ( 1%) *
******************************************************************************

Program Size: data=9.0 xdata=0 code=43
LINK/LOCATE RUN COMPLETE.  0 WARNING(S),  0 ERROR(S)
