BL51 BANKED LINKER/LOCATER V6.22                                                        01/27/2022  09:18:34  PAGE 1


BL51 BANKED LINKER/LOCATER V6.22, INVOKED BY:
E:\KEIL5\C51\BIN\BL51.EXE Delay.obj, Scom_2.obj, Timer0.obj, UART.obj TO Scom_2 RAMSIZE (256)


MEMORY MODEL: SMALL


INPUT MODULES INCLUDED:
  Delay.obj (DELAY)
  Scom_2.obj (SCOM_2)
  Timer0.obj (TIMER0)
  UART.obj (UART)
  E:\KEIL5\C51\LIB\C51S.LIB (?C_STARTUP)


LINK MAP OF MODULE:  Scom_2 (DELAY)


            TYPE    BASE      LENGTH    RELOCATION   SEGMENT NAME
            -----------------------------------------------------

            * * * * * * *   D A T A   M E M O R Y   * * * * * * *
            REG     0000H     0008H     ABSOLUTE     "REG BANK 0"
            DATA    0008H     0001H     UNIT         ?DT?SCOM_2
            IDATA   0009H     0001H     UNIT         ?STACK

            * * * * * * *   C O D E   M E M O R Y   * * * * * * *
            CODE    0000H     0003H     ABSOLUTE     
            CODE    0003H     0019H     UNIT         ?PR?UART_INIT?UART
            CODE    001CH     0003H     UNIT         ?CO?SCOM_2
                    001FH     0004H                  *** GAP ***
            CODE    0023H     0003H     ABSOLUTE     
            CODE    0026H     0045H     UNIT         ?PR?MAIN?SCOM_2
            CODE    006BH     003DH     UNIT         ?PR?UART_ROUTINE?SCOM_2
            CODE    00A8H     0017H     UNIT         ?PR?TIMER0_INIT?TIMER0
            CODE    00BFH     0014H     UNIT         ?PR?_DELAYMS?DELAY
            CODE    00D3H     000CH     UNIT         ?C_C51STARTUP
            CODE    00DFH     0008H     UNIT         ?PR?_UART_SENDBYTE?UART
            CODE    00E7H     0008H     UNIT         ?PR?UART_RECEIVEBYTE?UART



OVERLAY MAP OF MODULE:   Scom_2 (DELAY)


SEGMENT
  +--> CALLED SEGMENT
---------------------
?PR?UART_ROUTINE?SCOM_2
  +--> ?PR?UART_RECEIVEBYTE?UART

*** NEW ROOT ***************************************************

?C_C51STARTUP
  +--> ?PR?MAIN?SCOM_2

?PR?MAIN?SCOM_2
  +--> ?PR?UART_INIT?UART
BL51 BANKED LINKER/LOCATER V6.22                                                      01/27/2022  09:18:34  PAGE 2


  +--> ?CO?SCOM_2
  +--> ?PR?_UART_SENDBYTE?UART
  +--> ?PR?_DELAYMS?DELAY



SYMBOL TABLE OF MODULE:  Scom_2 (DELAY)

  VALUE           TYPE          NAME
  ----------------------------------

  -------         MODULE        DELAY
  C:0000H         SYMBOL        _ICE_DUMMY_
  C:00BFH         PUBLIC        _Delayms
  -------         PROC          _DELAYMS
  D:0006H         SYMBOL        ms
  -------         DO            
  D:0005H         SYMBOL        i
  D:0004H         SYMBOL        j
  -------         ENDDO         
  C:00BFH         LINE#         8
  C:00BFH         LINE#         9
  C:00BFH         LINE#         11
  C:00C3H         LINE#         12
  C:00C3H         LINE#         13
  C:00C5H         LINE#         14
  C:00C7H         LINE#         16
  C:00C7H         LINE#         17
  C:00C9H         LINE#         18
  C:00CBH         LINE#         19
  C:00D0H         LINE#         20
  C:00D2H         LINE#         21
  -------         ENDPROC       _DELAYMS
  -------         ENDMOD        DELAY

  -------         MODULE        SCOM_2
  C:0000H         SYMBOL        _ICE_DUMMY_
  D:00A0H         PUBLIC        P2
  C:006BH         PUBLIC        UART_Routine
  C:0026H         PUBLIC        main
  D:0008H         PUBLIC        ReceiveData
  C:001CH         PUBLIC        Table
  -------         PROC          UART_ROUTINE
  C:006BH         LINE#         7
  C:0088H         LINE#         9
  C:008DH         LINE#         14
  -------         ENDPROC       UART_ROUTINE
  -------         PROC          MAIN
  C:0026H         LINE#         15
  C:0026H         LINE#         16
  C:0026H         LINE#         17
  C:0029H         LINE#         18
  C:0029H         LINE#         19
  C:0029H         LINE#         20
  C:0031H         LINE#         21
  C:0031H         LINE#         22
  C:0034H         LINE#         23
BL51 BANKED LINKER/LOCATER V6.22                                                      01/27/2022  09:18:34  PAGE 3


  C:0036H         LINE#         24
  C:003EH         LINE#         25
  C:003EH         LINE#         26
  C:0041H         LINE#         27
  C:0043H         LINE#         28
  C:004BH         LINE#         29
  C:004BH         LINE#         30
  C:004EH         LINE#         31
  C:0050H         LINE#         32
  C:0055H         LINE#         33
  C:0055H         LINE#         34
  C:0058H         LINE#         35
  C:005AH         LINE#         37
  C:005AH         LINE#         38
  C:005DH         LINE#         39
  C:0062H         LINE#         40
  C:0069H         LINE#         41
  C:0069H         LINE#         42
  -------         ENDPROC       MAIN
  -------         ENDMOD        SCOM_2

  -------         MODULE        TIMER0
  C:0000H         SYMBOL        _ICE_DUMMY_
  B:00A8H.7       PUBLIC        EA
  C:00A8H         PUBLIC        Timer0_Init
  D:0089H         PUBLIC        TMOD
  B:00A8H.1       PUBLIC        ET0
  B:0088H.5       PUBLIC        TF0
  D:008CH         PUBLIC        TH0
  D:008AH         PUBLIC        TL0
  B:00B8H.1       PUBLIC        PT0
  B:0088H.4       PUBLIC        TR0
  -------         PROC          TIMER0_INIT
  C:00A8H         LINE#         8
  C:00A8H         LINE#         9
  C:00A8H         LINE#         11
  C:00ABH         LINE#         12
  C:00AEH         LINE#         14
  C:00B0H         LINE#         15
  C:00B2H         LINE#         16
  C:00B5H         LINE#         17
  C:00B8H         LINE#         18
  C:00BAH         LINE#         19
  C:00BCH         LINE#         20
  C:00BEH         LINE#         21
  -------         ENDPROC       TIMER0_INIT
  -------         ENDMOD        TIMER0

  -------         MODULE        UART
  C:0000H         SYMBOL        _ICE_DUMMY_
  B:00A8H.7       PUBLIC        EA
  B:00A8H.4       PUBLIC        ES
  B:0098H.0       PUBLIC        RI
  B:0098H.1       PUBLIC        TI
  D:0099H         PUBLIC        SBUF
  D:0087H         PUBLIC        PCON
  C:0003H         PUBLIC        UART_Init
BL51 BANKED LINKER/LOCATER V6.22                                                      01/27/2022  09:18:34  PAGE 4


  D:0098H         PUBLIC        SCON
  D:0089H         PUBLIC        TMOD
  C:00DFH         PUBLIC        _UART_SendByte
  D:008DH         PUBLIC        TH1
  D:008BH         PUBLIC        TL1
  B:0088H.6       PUBLIC        TR1
  C:00E7H         PUBLIC        UART_ReceiveByte
  -------         PROC          UART_INIT
  C:0003H         LINE#         15
  C:0003H         LINE#         16
  C:0003H         LINE#         17
  C:0006H         LINE#         18
  C:0009H         LINE#         19
  C:000CH         LINE#         20
  C:000FH         LINE#         21
  C:0012H         LINE#         22
  C:0015H         LINE#         23
  C:0017H         LINE#         24
  C:0019H         LINE#         25
  C:001BH         LINE#         27
  -------         ENDPROC       UART_INIT
  -------         PROC          _UART_SENDBYTE
  D:0007H         SYMBOL        Data
  C:00DFH         LINE#         34
  C:00DFH         LINE#         35
  C:00DFH         LINE#         36
  C:00E1H         LINE#         37
  C:00E4H         LINE#         38
  C:00E6H         LINE#         39
  -------         ENDPROC       _UART_SENDBYTE
  -------         PROC          UART_RECEIVEBYTE
  -------         DO            
  D:0007H         SYMBOL        Data
  -------         ENDDO         
  C:00E7H         LINE#         46
  C:00E7H         LINE#         47
  C:00E7H         LINE#         49
  C:00EAH         LINE#         50
  C:00EAH         LINE#         51
  C:00ECH         LINE#         52
  C:00ECH         LINE#         53
  C:00EEH         LINE#         54
  C:00EEH         LINE#         55
  -------         ENDPROC       UART_RECEIVEBYTE
  -------         ENDMOD        UART

*** WARNING L16: UNCALLED SEGMENT, IGNORED FOR OVERLAY PROCESS
    SEGMENT: ?PR?TIMER0_INIT?TIMER0

Program Size: data=10.0 xdata=0 code=235
LINK/LOCATE RUN COMPLETE.  1 WARNING(S),  0 ERROR(S)
