BL51 BANKED LINKER/LOCATER V6.22                                                        01/21/2022  16:05:27  PAGE 1


BL51 BANKED LINKER/LOCATER V6.22, INVOKED BY:
E:\KEIL5\C51\BIN\BL51.EXE Nixie_1.obj, Delay.obj TO Nixie_test RAMSIZE (256)


MEMORY MODEL: SMALL


INPUT MODULES INCLUDED:
  Nixie_1.obj (NIXIE_1)
  Delay.obj (DELAY)
  E:\KEIL5\C51\LIB\C51S.LIB (?C_STARTUP)
  E:\KEIL5\C51\LIB\C51S.LIB (?C_INIT)


LINK MAP OF MODULE:  Nixie_test (NIXIE_1)


            TYPE    BASE      LENGTH    RELOCATION   SEGMENT NAME
            -----------------------------------------------------

            * * * * * * *   D A T A   M E M O R Y   * * * * * * *
            REG     0000H     0008H     ABSOLUTE     "REG BANK 0"
            DATA    0008H     0011H     UNIT         ?DT?NIXIE_1
            DATA    0019H     0001H     UNIT         _DATA_GROUP_
            IDATA   001AH     0001H     UNIT         ?STACK

            * * * * * * *   C O D E   M E M O R Y   * * * * * * *
            CODE    0000H     0003H     ABSOLUTE     
                    0003H     07FDH                  *** GAP ***
            CODE    0800H     008CH     UNIT         ?C_C51STARTUP
            CODE    088CH     006DH     UNIT         ?PR?_NIXIE?NIXIE_1
            CODE    08F9H     001DH     UNIT         ?PR?MAIN?NIXIE_1
            CODE    0916H     0014H     UNIT         ?C_INITSEG
            CODE    092AH     0014H     UNIT         ?PR?_DELAYMS?DELAY



OVERLAY MAP OF MODULE:   Nixie_test (NIXIE_1)


SEGMENT                          DATA_GROUP 
  +--> CALLED SEGMENT          START    LENGTH
----------------------------------------------
?C_C51STARTUP                  -----    -----
  +--> ?PR?MAIN?NIXIE_1
  +--> ?C_INITSEG

?PR?MAIN?NIXIE_1               0019H    0001H
  +--> ?PR?_NIXIE?NIXIE_1

?PR?_NIXIE?NIXIE_1             -----    -----
  +--> ?PR?_DELAYMS?DELAY



SYMBOL TABLE OF MODULE:  Nixie_test (NIXIE_1)

  VALUE           TYPE          NAME
BL51 BANKED LINKER/LOCATER V6.22                                                      01/21/2022  16:05:27  PAGE 2


  ----------------------------------

  -------         MODULE        NIXIE_1
  C:0000H         SYMBOL        _ICE_DUMMY_
  C:088CH         PUBLIC        _Nixie
  D:0080H         PUBLIC        P0
  D:0008H         PUBLIC        Nixie_Num
  B:00A0H.2       PUBLIC        P2_2
  B:00A0H.3       PUBLIC        P2_3
  B:00A0H.4       PUBLIC        P2_4
  C:08F9H         PUBLIC        main
  -------         PROC          _NIXIE
  D:0007H         SYMBOL        Location
  D:0004H         SYMBOL        Number
  C:088CH         LINE#         6
  C:088CH         LINE#         7
  C:088CH         LINE#         8
  C:08B9H         LINE#         9
  C:08B9H         LINE#         10
  C:08BDH         LINE#         11
  C:08C1H         LINE#         12
  C:08C5H         LINE#         13
  C:08C9H         LINE#         14
  C:08D1H         LINE#         15
  C:08D9H         LINE#         16
  C:08E1H         LINE#         17
  C:08E7H         LINE#         18
  C:08E7H         LINE#         19
  C:08EEH         LINE#         20
  C:08F5H         LINE#         21
  C:08F8H         LINE#         22
  -------         ENDPROC       _NIXIE
  -------         PROC          MAIN
  -------         DO            
  D:0019H         SYMBOL        i
  -------         ENDDO         
  C:08F9H         LINE#         26
  C:08F9H         LINE#         27
  C:08F9H         LINE#         29
  C:08F9H         LINE#         30
  C:08F9H         LINE#         31
  C:08FCH         LINE#         32
  C:08FCH         LINE#         33
  C:090BH         LINE#         34
  -------         ENDPROC       MAIN
  -------         ENDMOD        NIXIE_1

  -------         MODULE        DELAY
  C:0000H         SYMBOL        _ICE_DUMMY_
  C:092AH         PUBLIC        _Delayms
  -------         PROC          _DELAYMS
  D:0006H         SYMBOL        ms
  -------         DO            
  D:0005H         SYMBOL        i
  D:0004H         SYMBOL        j
  -------         ENDDO         
  C:092AH         LINE#         8
BL51 BANKED LINKER/LOCATER V6.22                                                      01/21/2022  16:05:27  PAGE 3


  C:092AH         LINE#         9
  C:092AH         LINE#         11
  C:092EH         LINE#         12
  C:092EH         LINE#         13
  C:0930H         LINE#         14
  C:0932H         LINE#         16
  C:0932H         LINE#         17
  C:0934H         LINE#         18
  C:0936H         LINE#         19
  C:093BH         LINE#         20
  C:093DH         LINE#         21
  -------         ENDPROC       _DELAYMS
  -------         ENDMOD        DELAY

******************************************************************************
* RESTRICTED VERSION WITH 0800H BYTE CODE SIZE LIMIT; USED: 00B1H BYTE ( 8%) *
******************************************************************************

Program Size: data=27.0 xdata=0 code=321
LINK/LOCATE RUN COMPLETE.  0 WARNING(S),  0 ERROR(S)
