BL51 BANKED LINKER/LOCATER V6.22                                                        01/17/2022  11:09:23  PAGE 1


BL51 BANKED LINKER/LOCATER V6.22, INVOKED BY:
E:\KEIL5\C51\BIN\BL51.EXE I2C_1.obj, AT24C02.obj, Delay.obj, I2C.obj, LCD1602.obj, Show_74HC595.obj, D_Scr.obj TO I2C_1 
>> RAMSIZE (256) DISABLEWARNING (16)


MEMORY MODEL: SMALL


INPUT MODULES INCLUDED:
  I2C_1.obj (I2C_1)
  AT24C02.obj (AT24C02)
  Delay.obj (DELAY)
  I2C.obj (I2C)
  LCD1602.obj (LCD1602)
  Show_74HC595.obj (SHOW_74HC595)
  D_Scr.obj (D_SCR)
  E:\KEIL5\C51\LIB\C51S.LIB (?C_STARTUP)
  E:\KEIL5\C51\LIB\C51S.LIB (?C?CLDOPTR)
  E:\KEIL5\C51\LIB\C51S.LIB (?C?IMUL)
  E:\KEIL5\C51\LIB\C51S.LIB (?C?UIDIV)


LINK MAP OF MODULE:  I2C_1 (I2C_1)


            TYPE    BASE      LENGTH    RELOCATION   SEGMENT NAME
            -----------------------------------------------------

            * * * * * * *   D A T A   M E M O R Y   * * * * * * *
            REG     0000H     0008H     ABSOLUTE     "REG BANK 0"
            DATA    0008H     000BH     UNIT         _DATA_GROUP_
            DATA    0013H     0008H     UNIT         ?DT?_D_SCR_BYTE?D_SCR
            DATA    001BH     0007H     UNIT         ?DT?_LCD_SHOWSIGNEDNUM?LCD1602
            DATA    0022H     0005H     UNIT         ?DT?_LCD_SHOWHEXNUM?LCD1602
            DATA    0027H     0005H     UNIT         ?DT?_LCD_SHOWBINNUM?LCD1602
            DATA    002CH     0003H     UNIT         ?DT?_AT24C02_WRITEBYTE?AT24C02
            DATA    002FH     0003H     UNIT         ?DT?_LCD_SHOWSTRING?LCD1602
            DATA    0032H     0002H     UNIT         ?DT?_AT24C02_READBYTE?AT24C02
            IDATA   0034H     0001H     UNIT         ?STACK

            * * * * * * *   C O D E   M E M O R Y   * * * * * * *
            CODE    0000H     0003H     ABSOLUTE     
                    0003H     07FDH                  *** GAP ***
            CODE    0800H     00C7H     UNIT         ?PR?_D_SCR_BYTE?D_SCR
            CODE    08C7H     0094H     UNIT         ?C?LIB_CODE
            CODE    095BH     0053H     UNIT         ?CO?D_SCR
            CODE    09AEH     003AH     UNIT         ?PR?_LCD_SHOWSIGNEDNUM?LCD1602
            CODE    09E8H     0039H     UNIT         ?PR?_LCD_SHOWHEXNUM?LCD1602
            CODE    0A21H     0038H     UNIT         ?PR?_LCD_SHOWBINNUM?LCD1602
            CODE    0A59H     0035H     UNIT         ?PR?_WRITEBYTE_74595?SHOW_74HC595
            CODE    0A8EH     0033H     UNIT         ?PR?_LCD_POW?LCD1602
            CODE    0AC1H     0030H     UNIT         ?PR?_AT24C02_READBYTE?AT24C02
            CODE    0AF1H     0029H     UNIT         ?PR?_I2C_SENDBYTE?I2C
            CODE    0B1AH     0024H     UNIT         ?PR?_AT24C02_WRITEBYTE?AT24C02
            CODE    0B3EH     0024H     UNIT         ?PR?_D_SCR_SHOW?SHOW_74HC595
            CODE    0B62H     0023H     UNIT         ?PR?_LCD_SHOWSTRING?LCD1602
            CODE    0B85H     001EH     UNIT         ?PR?I2C_RECEIVEBYTE?I2C
            CODE    0BA3H     001EH     UNIT         ?PR?_LCD_WRITEDATA?LCD1602
BL51 BANKED LINKER/LOCATER V6.22                                                      01/17/2022  11:09:23  PAGE 2


            CODE    0BC1H     001DH     UNIT         ?PR?_LCD_SHOWNUM?LCD1602
            CODE    0BDEH     0016H     UNIT         ?PR?MAIN?I2C_1
            CODE    0BF4H     0016H     UNIT         ?PR?_LCD_SETCURSOR?LCD1602
            CODE    0C0AH     0014H     UNIT         ?PR?_DELAYMS?DELAY
            CODE    0C1EH     0014H     UNIT         ?PR?LCD_INIT?LCD1602
            CODE    0C32H     000FH     UNIT         ?PR?LCD_DELAY?LCD1602
            CODE    0C41H     000DH     UNIT         ?PR?I2C_RECEIVEACK?I2C
            CODE    0C4EH     000CH     UNIT         ?C_C51STARTUP
            CODE    0C5AH     000AH     UNIT         ?PR?_I2C_SENDACK?I2C
            CODE    0C64H     000AH     UNIT         ?PR?_LCD_WRITECOMMAND?LCD1602
            CODE    0C6EH     000AH     UNIT         ?PR?_LCD_SHOWCHAR?LCD1602
            CODE    0C78H     0009H     UNIT         ?PR?I2C_START?I2C
            CODE    0C81H     0007H     UNIT         ?PR?I2C_STOP?I2C
            CODE    0C88H     0005H     UNIT         ?PR?D_SCR_INIT?SHOW_74HC595



OVERLAY MAP OF MODULE:   I2C_1 (I2C_1)


SEGMENT                                     DATA_GROUP 
  +--> CALLED SEGMENT                     START    LENGTH
---------------------------------------------------------
?C_C51STARTUP                             -----    -----
  +--> ?PR?MAIN?I2C_1

?PR?MAIN?I2C_1                            0008H    0002H
  +--> ?PR?LCD_INIT?LCD1602
  +--> ?PR?_LCD_SHOWNUM?LCD1602

?PR?LCD_INIT?LCD1602                      -----    -----
  +--> ?PR?_LCD_WRITECOMMAND?LCD1602

?PR?_LCD_WRITECOMMAND?LCD1602             -----    -----
  +--> ?PR?LCD_DELAY?LCD1602

?PR?_LCD_SHOWNUM?LCD1602                  000AH    0005H
  +--> ?PR?_LCD_SETCURSOR?LCD1602
  +--> ?PR?_LCD_POW?LCD1602
  +--> ?PR?_LCD_WRITEDATA?LCD1602

?PR?_LCD_SETCURSOR?LCD1602                -----    -----
  +--> ?PR?_LCD_WRITECOMMAND?LCD1602

?PR?_LCD_POW?LCD1602                      000FH    0004H

?PR?_LCD_WRITEDATA?LCD1602                -----    -----
  +--> ?PR?LCD_DELAY?LCD1602



SYMBOL TABLE OF MODULE:  I2C_1 (I2C_1)

  VALUE           TYPE          NAME
  ----------------------------------

  -------         MODULE        I2C_1
BL51 BANKED LINKER/LOCATER V6.22                                                      01/17/2022  11:09:23  PAGE 3


  C:0000H         SYMBOL        _ICE_DUMMY_
  C:0BDEH         PUBLIC        main
  -------         PROC          MAIN
  -------         DO            
  D:0008H         SYMBOL        Data
  -------         ENDDO         
  C:0BDEH         LINE#         10
  C:0BDEH         LINE#         11
  C:0BDEH         LINE#         12
  C:0BE3H         LINE#         14
  C:0BE6H         LINE#         31
  -------         ENDPROC       MAIN
  -------         ENDMOD        I2C_1

  -------         MODULE        AT24C02
  C:0000H         SYMBOL        _ICE_DUMMY_
  C:0AC1H         PUBLIC        _AT24C02_ReadByte
  C:0B1AH         PUBLIC        _AT24C02_WriteByte
  -------         PROC          _AT24C02_WRITEBYTE
  D:002CH         SYMBOL        WordAddress
  D:002DH         SYMBOL        Data
  C:0B1AH         LINE#         13
  C:0B20H         LINE#         14
  C:0B20H         LINE#         15
  C:0B23H         LINE#         16
  C:0B28H         LINE#         17
  C:0B2BH         LINE#         18
  C:0B30H         LINE#         19
  C:0B33H         LINE#         20
  C:0B38H         LINE#         21
  C:0B3BH         LINE#         22
  -------         ENDPROC       _AT24C02_WRITEBYTE
  -------         PROC          _AT24C02_READBYTE
  D:0032H         SYMBOL        WordAddress
  -------         DO            
  D:0033H         SYMBOL        Data
  -------         ENDDO         
  C:0AC1H         LINE#         32
  C:0AC3H         LINE#         33
  C:0AC3H         LINE#         35
  C:0AC6H         LINE#         36
  C:0ACBH         LINE#         37
  C:0ACEH         LINE#         38
  C:0AD3H         LINE#         39
  C:0AD6H         LINE#         40
  C:0AD9H         LINE#         41
  C:0ADEH         LINE#         42
  C:0AE1H         LINE#         43
  C:0AE6H         LINE#         44
  C:0AEBH         LINE#         45
  C:0AEEH         LINE#         47
  C:0AF0H         LINE#         48
  -------         ENDPROC       _AT24C02_READBYTE
  -------         ENDMOD        AT24C02

  -------         MODULE        DELAY
  C:0000H         SYMBOL        _ICE_DUMMY_
BL51 BANKED LINKER/LOCATER V6.22                                                      01/17/2022  11:09:23  PAGE 4


  C:0C0AH         PUBLIC        _Delayms
  -------         PROC          _DELAYMS
  D:0006H         SYMBOL        ms
  -------         DO            
  D:0005H         SYMBOL        i
  D:0004H         SYMBOL        j
  -------         ENDDO         
  C:0C0AH         LINE#         8
  C:0C0AH         LINE#         9
  C:0C0AH         LINE#         11
  C:0C0EH         LINE#         12
  C:0C0EH         LINE#         13
  C:0C10H         LINE#         14
  C:0C12H         LINE#         16
  C:0C12H         LINE#         17
  C:0C14H         LINE#         18
  C:0C16H         LINE#         19
  C:0C1BH         LINE#         20
  C:0C1DH         LINE#         21
  -------         ENDPROC       _DELAYMS
  -------         ENDMOD        DELAY

  -------         MODULE        I2C
  C:0000H         SYMBOL        _ICE_DUMMY_
  B:00A0H.1       PUBLIC        I2C_SCL
  D:00A0H         PUBLIC        P2
  C:0C78H         PUBLIC        I2C_Start
  C:0C5AH         PUBLIC        _I2C_SendAck
  C:0AF1H         PUBLIC        _I2C_SendByte
  C:0C81H         PUBLIC        I2C_Stop
  C:0C41H         PUBLIC        I2C_ReceiveAck
  B:00A0H.0       PUBLIC        I2C_SDA
  C:0B85H         PUBLIC        I2C_ReceiveByte
  -------         PROC          I2C_START
  C:0C78H         LINE#         12
  C:0C78H         LINE#         13
  C:0C78H         LINE#         15
  C:0C7AH         LINE#         16
  C:0C7CH         LINE#         18
  C:0C7EH         LINE#         19
  C:0C80H         LINE#         20
  -------         ENDPROC       I2C_START
  -------         PROC          I2C_STOP
  C:0C81H         LINE#         27
  C:0C81H         LINE#         28
  C:0C81H         LINE#         29
  C:0C83H         LINE#         30
  C:0C85H         LINE#         31
  C:0C87H         LINE#         32
  -------         ENDPROC       I2C_STOP
  -------         PROC          _I2C_SENDBYTE
  D:0005H         SYMBOL        Byte
  -------         DO            
  D:0003H         SYMBOL        i
  -------         ENDDO         
  C:0AF1H         LINE#         39
  C:0AF3H         LINE#         40
BL51 BANKED LINKER/LOCATER V6.22                                                      01/17/2022  11:09:23  PAGE 5


  C:0AF3H         LINE#         42
  C:0AF5H         LINE#         43
  C:0AF5H         LINE#         44
  C:0B11H         LINE#         45
  C:0B13H         LINE#         46
  C:0B15H         LINE#         48
  C:0B19H         LINE#         49
  -------         ENDPROC       _I2C_SENDBYTE
  -------         PROC          I2C_RECEIVEBYTE
  -------         DO            
  D:0006H         SYMBOL        i
  D:0007H         SYMBOL        Byte
  -------         ENDDO         
  C:0B85H         LINE#         56
  C:0B85H         LINE#         57
  C:0B85H         LINE#         58
  C:0B87H         LINE#         59
  C:0B89H         LINE#         60
  C:0B8AH         LINE#         61
  C:0B8AH         LINE#         62
  C:0B8CH         LINE#         63
  C:0B9CH         LINE#         64
  C:0B9EH         LINE#         65
  C:0BA2H         LINE#         66
  C:0BA2H         LINE#         67
  -------         ENDPROC       I2C_RECEIVEBYTE
  -------         PROC          _I2C_SENDACK
  D:0007H         SYMBOL        AckBit
  C:0C5AH         LINE#         74
  C:0C5AH         LINE#         75
  C:0C5AH         LINE#         76
  C:0C5FH         LINE#         77
  C:0C61H         LINE#         78
  C:0C63H         LINE#         79
  -------         ENDPROC       _I2C_SENDACK
  -------         PROC          I2C_RECEIVEACK
  -------         DO            
  D:0007H         SYMBOL        AckBit
  -------         ENDDO         
  C:0C41H         LINE#         86
  C:0C41H         LINE#         87
  C:0C41H         LINE#         88
  C:0C43H         LINE#         89
  C:0C45H         LINE#         90
  C:0C47H         LINE#         91
  C:0C4BH         LINE#         92
  C:0C4DH         LINE#         93
  C:0C4DH         LINE#         94
  -------         ENDPROC       I2C_RECEIVEACK
  -------         ENDMOD        I2C

  -------         MODULE        LCD1602
  C:0000H         SYMBOL        _ICE_DUMMY_
  D:0080H         PUBLIC        P0
  D:00A0H         PUBLIC        P2
  C:0C64H         PUBLIC        _LCD_WriteCommand
  C:0BC1H         PUBLIC        _LCD_ShowNum
BL51 BANKED LINKER/LOCATER V6.22                                                      01/17/2022  11:09:23  PAGE 6


  C:0A21H         PUBLIC        _LCD_ShowBinNum
  C:0C38H         PUBLIC        LCD_Delay
  C:09E8H         PUBLIC        _LCD_ShowHexNum
  C:0BB7H         PUBLIC        _LCD_WriteData
  B:00A0H.7       PUBLIC        LCD_EN
  C:0C1EH         PUBLIC        LCD_Init
  C:0B62H         PUBLIC        _LCD_ShowString
  C:0C6EH         PUBLIC        _LCD_ShowChar
  B:00A0H.6       PUBLIC        LCD_RS
  B:00A0H.5       PUBLIC        LCD_RW
  C:0BF4H         PUBLIC        _LCD_SetCursor
  C:09AEH         PUBLIC        _LCD_ShowSignedNum
  C:0A9AH         PUBLIC        _LCD_Pow
  -------         PROC          L?0048
  -------         ENDPROC       L?0048
  -------         PROC          LCD_DELAY
  -------         DO            
  D:0007H         SYMBOL        i
  D:0006H         SYMBOL        j
  -------         ENDDO         
  C:0C38H         LINE#         15
  C:0C38H         LINE#         16
  C:0C38H         LINE#         19
  C:0C3AH         LINE#         20
  C:0C3CH         LINE#         22
  C:0C3CH         LINE#         23
  C:0C3EH         LINE#         24
  C:0C40H         LINE#         25
  -------         ENDPROC       LCD_DELAY
  -------         PROC          _LCD_WRITECOMMAND
  D:0007H         SYMBOL        Command
  C:0C64H         LINE#         32
  C:0C64H         LINE#         33
  C:0C64H         LINE#         34
  C:0C66H         LINE#         35
  C:0C66H         LINE#         36
  C:0C66H         LINE#         37
  C:0C66H         LINE#         38
  C:0C69H         LINE#         39
  C:0C6BH         LINE#         40
  -------         ENDPROC       _LCD_WRITECOMMAND
  -------         PROC          L?0047
  -------         ENDPROC       L?0047
  -------         PROC          _LCD_WRITEDATA
  D:0007H         SYMBOL        Data
  C:0BB7H         LINE#         48
  C:0BB7H         LINE#         49
  C:0BB7H         LINE#         50
  C:0BB9H         LINE#         51
  C:0BB9H         LINE#         52
  C:0BB9H         LINE#         53
  C:0BB9H         LINE#         54
  C:0BBCH         LINE#         55
  C:0BBEH         LINE#         56
  -------         ENDPROC       _LCD_WRITEDATA
  -------         PROC          _LCD_SETCURSOR
  D:0006H         SYMBOL        Line
BL51 BANKED LINKER/LOCATER V6.22                                                      01/17/2022  11:09:23  PAGE 7


  D:0005H         SYMBOL        Column
  C:0BF4H         LINE#         65
  C:0BF6H         LINE#         66
  C:0BF6H         LINE#         67
  C:0BF9H         LINE#         68
  C:0BF9H         LINE#         69
  C:0BFBH         LINE#         70
  C:0BFDH         LINE#         71
  C:0C00H         LINE#         72
  C:0C00H         LINE#         73
  C:0C09H         LINE#         74
  C:0C09H         LINE#         75
  -------         ENDPROC       _LCD_SETCURSOR
  -------         PROC          LCD_INIT
  C:0C1EH         LINE#         82
  C:0C1EH         LINE#         83
  C:0C1EH         LINE#         84
  C:0C23H         LINE#         85
  C:0C28H         LINE#         86
  C:0C2DH         LINE#         87
  -------         ENDPROC       LCD_INIT
  -------         PROC          _LCD_SHOWCHAR
  D:0006H         SYMBOL        Line
  D:0005H         SYMBOL        Column
  D:0004H         SYMBOL        Char
  C:0C6EH         LINE#         97
  C:0C70H         LINE#         98
  C:0C70H         LINE#         99
  C:0C73H         LINE#         100
  -------         ENDPROC       _LCD_SHOWCHAR
  -------         PROC          _LCD_SHOWSTRING
  D:0007H         SYMBOL        Line
  D:0005H         SYMBOL        Column
  D:002FH         SYMBOL        String
  -------         DO            
  D:0005H         SYMBOL        i
  -------         ENDDO         
  C:0B62H         LINE#         110
  C:0B68H         LINE#         111
  C:0B68H         LINE#         113
  C:0B6BH         LINE#         114
  C:0B7EH         LINE#         115
  C:0B7EH         LINE#         116
  C:0B81H         LINE#         117
  C:0B84H         LINE#         118
  -------         ENDPROC       _LCD_SHOWSTRING
  C:0A90H         SYMBOL        L?0046
  -------         PROC          L?0045
  -------         ENDPROC       L?0045
  C:0A90H         SYMBOL        L?0046
  -------         PROC          _LCD_POW
  D:000FH         SYMBOL        X
  D:0011H         SYMBOL        Y
  -------         DO            
  D:0003H         SYMBOL        i
  D:0006H         SYMBOL        Result
  -------         ENDDO         
BL51 BANKED LINKER/LOCATER V6.22                                                      01/17/2022  11:09:23  PAGE 8


  C:0A9AH         LINE#         123
  C:0AA2H         LINE#         124
  C:0AA2H         LINE#         126
  C:0AA6H         LINE#         127
  C:0AB6H         LINE#         128
  C:0AB6H         LINE#         129
  C:0ABDH         LINE#         130
  C:0AC0H         LINE#         131
  C:0AC0H         LINE#         132
  -------         ENDPROC       _LCD_POW
  -------         PROC          _LCD_SHOWNUM
  D:0007H         SYMBOL        Line
  D:0005H         SYMBOL        Column
  D:000CH         SYMBOL        Number
  D:000EH         SYMBOL        Length
  -------         DO            
  D:0002H         SYMBOL        i
  -------         ENDDO         
  C:0BC1H         LINE#         142
  C:0BC5H         LINE#         143
  C:0BC5H         LINE#         145
  C:0BC8H         LINE#         146
  C:0BD0H         LINE#         147
  C:0BD0H         LINE#         148
  C:0BDAH         LINE#         149
  C:0BDDH         LINE#         150
  -------         ENDPROC       _LCD_SHOWNUM
  -------         PROC          _LCD_SHOWSIGNEDNUM
  D:0007H         SYMBOL        Line
  D:0005H         SYMBOL        Column
  D:0002H         SYMBOL        Number
  D:001FH         SYMBOL        Length
  -------         DO            
  D:0002H         SYMBOL        i
  D:0020H         SYMBOL        Number1
  -------         ENDDO         
  C:09AEH         LINE#         160
  C:09AEH         LINE#         161
  C:09AEH         LINE#         164
  C:09B1H         LINE#         165
  C:09B9H         LINE#         166
  C:09B9H         LINE#         167
  C:09BEH         LINE#         168
  C:09C2H         LINE#         169
  C:09C4H         LINE#         171
  C:09C4H         LINE#         172
  C:09C9H         LINE#         173
  C:09D2H         LINE#         174
  C:09D2H         LINE#         175
  C:09DAH         LINE#         176
  C:09DAH         LINE#         177
  C:09E4H         LINE#         178
  C:09E7H         LINE#         179
  -------         ENDPROC       _LCD_SHOWSIGNEDNUM
  -------         PROC          _LCD_SHOWHEXNUM
  D:0007H         SYMBOL        Line
  D:0005H         SYMBOL        Column
BL51 BANKED LINKER/LOCATER V6.22                                                      01/17/2022  11:09:23  PAGE 9


  D:0024H         SYMBOL        Number
  D:0026H         SYMBOL        Length
  -------         DO            
  D:0002H         SYMBOL        i
  D:0006H         SYMBOL        SingleNumber
  -------         ENDDO         
  C:09E8H         LINE#         189
  C:09ECH         LINE#         190
  C:09ECH         LINE#         192
  C:09EFH         LINE#         193
  C:09F7H         LINE#         194
  C:09F7H         LINE#         195
  C:0A0DH         LINE#         196
  C:0A13H         LINE#         197
  C:0A13H         LINE#         198
  C:0A15H         LINE#         199
  C:0A17H         LINE#         201
  C:0A17H         LINE#         202
  C:0A1DH         LINE#         203
  C:0A1DH         LINE#         204
  C:0A20H         LINE#         205
  -------         ENDPROC       _LCD_SHOWHEXNUM
  -------         PROC          _LCD_SHOWBINNUM
  D:0007H         SYMBOL        Line
  D:0005H         SYMBOL        Column
  D:0029H         SYMBOL        Number
  D:002BH         SYMBOL        Length
  -------         DO            
  D:0002H         SYMBOL        i
  -------         ENDDO         
  C:0A21H         LINE#         215
  C:0A25H         LINE#         216
  C:0A25H         LINE#         218
  C:0A28H         LINE#         219
  C:0A30H         LINE#         220
  C:0A30H         LINE#         221
  C:0A55H         LINE#         222
  C:0A58H         LINE#         223
  -------         ENDPROC       _LCD_SHOWBINNUM
  -------         ENDMOD        LCD1602

  -------         MODULE        SHOW_74HC595
  C:0000H         SYMBOL        _ICE_DUMMY_
  D:0080H         PUBLIC        P0
  D:00B0H         PUBLIC        P3
  C:0A59H         PUBLIC        _WriteByte_74595
  C:0C88H         PUBLIC        D_Scr_Init
  C:0B3EH         PUBLIC        _D_Scr_Show
  B:00B0H.5       PUBLIC        RCK
  B:00B0H.6       PUBLIC        SCK
  B:00B0H.4       PUBLIC        SER
  -------         PROC          D_SCR_INIT
  C:0C88H         LINE#         15
  C:0C88H         LINE#         16
  C:0C88H         LINE#         17
  C:0C8AH         LINE#         18
  C:0C8CH         LINE#         19
BL51 BANKED LINKER/LOCATER V6.22                                                      01/17/2022  11:09:23  PAGE 10


  -------         ENDPROC       D_SCR_INIT
  -------         PROC          _WRITEBYTE_74595
  D:0001H         SYMBOL        Byte
  -------         DO            
  D:0002H         SYMBOL        i
  -------         ENDDO         
  C:0A59H         LINE#         26
  C:0A5BH         LINE#         27
  C:0A5BH         LINE#         32
  C:0A5EH         LINE#         33
  C:0A5EH         LINE#         34
  C:0A7AH         LINE#         35
  C:0A7CH         LINE#         36
  C:0A7EH         LINE#         37
  C:0A89H         LINE#         38
  C:0A8BH         LINE#         39
  C:0A8DH         LINE#         40
  -------         ENDPROC       _WRITEBYTE_74595
  -------         PROC          _D_SCR_SHOW
  D:0004H         SYMBOL        line
  D:0006H         SYMBOL        Data
  C:0B3EH         LINE#         48
  C:0B42H         LINE#         49
  C:0B42H         LINE#         50
  C:0B47H         LINE#         51
  C:0B57H         LINE#         52
  C:0B5EH         LINE#         53
  C:0B61H         LINE#         54
  -------         ENDPROC       _D_SCR_SHOW
  -------         ENDMOD        SHOW_74HC595

  -------         MODULE        D_SCR
  C:0000H         SYMBOL        _ICE_DUMMY_
  C:0800H         PUBLIC        _D_Scr_Byte
  C:095BH         PUBLIC        Animation1
  C:0984H         PUBLIC        Animation2
  -------         PROC          _D_SCR_BYTE
  D:0013H         SYMBOL        j
  -------         DO            
  D:0015H         SYMBOL        i
  D:0017H         SYMBOL        offset
  D:0019H         SYMBOL        count
  -------         ENDDO         
  C:0800H         LINE#         31
  C:0804H         LINE#         32
  C:0804H         LINE#         34
  C:0809H         LINE#         35
  C:080DH         LINE#         36
  C:0810H         LINE#         37
  C:0810H         LINE#         38
  C:0810H         LINE#         39
  C:0818H         LINE#         40
  C:0818H         LINE#         41
  C:081CH         LINE#         42
  C:081CH         LINE#         43
  C:0829H         LINE#         44
  C:083AH         LINE#         45
BL51 BANKED LINKER/LOCATER V6.22                                                      01/17/2022  11:09:23  PAGE 11


  C:0842H         LINE#         46
  C:084BH         LINE#         47
  C:084BH         LINE#         48
  C:0850H         LINE#         49
  C:0858H         LINE#         50
  C:0861H         LINE#         51
  C:0861H         LINE#         52
  C:0866H         LINE#         53
  C:0866H         LINE#         54
  C:0866H         LINE#         55
  C:0868H         LINE#         56
  C:0870H         LINE#         57
  C:0870H         LINE#         58
  C:0874H         LINE#         59
  C:0874H         LINE#         60
  C:0881H         LINE#         61
  C:0892H         LINE#         62
  C:089AH         LINE#         63
  C:08A6H         LINE#         64
  C:08A6H         LINE#         65
  C:08ABH         LINE#         66
  C:08B3H         LINE#         67
  C:08BFH         LINE#         68
  C:08BFH         LINE#         69
  C:08C4H         LINE#         70
  C:08C4H         LINE#         71
  C:08C4H         LINE#         72
  C:08C4H         LINE#         74
  -------         ENDPROC       _D_SCR_BYTE
  -------         ENDMOD        D_SCR

  -------         MODULE        ?C?CLDOPTR
  C:08C7H         PUBLIC        ?C?CLDOPTR
  -------         ENDMOD        ?C?CLDOPTR

  -------         MODULE        ?C?IMUL
  C:08F4H         PUBLIC        ?C?IMUL
  -------         ENDMOD        ?C?IMUL

  -------         MODULE        ?C?UIDIV
  C:0906H         PUBLIC        ?C?UIDIV
  -------         ENDMOD        ?C?UIDIV

******************************************************************************
* RESTRICTED VERSION WITH 0800H BYTE CODE SIZE LIMIT; USED: 03EDH BYTE (49%) *
******************************************************************************

Program Size: data=53.0 xdata=0 code=1168
LINK/LOCATE RUN COMPLETE.  0 WARNING(S),  0 ERROR(S)
