C51 COMPILER V9.01   MATRIX_TIMER                                                          02/10/2022 09:25:09 PAGE 1   


C51 COMPILER V9.01, COMPILATION OF MODULE MATRIX_TIMER
OBJECT MODULE PLACED IN Matrix_Timer.OBJ
COMPILER INVOKED BY: E:\Keil5\C51\BIN\C51.EXE Matrix_Timer.c BROWSE DEBUG OBJECTEXTEND

line level    source

   1          #include <REGX52.H>
   2          #include "DELAY.H"
   3          
   4          unsigned char Matrix_Number;
   5          
   6          unsigned char Matrix_Num()
   7          {
   8   1              unsigned char Temp = 0;
   9   1              Temp = Matrix_Number;
  10   1              Matrix_Number = 0;
  11   1              return Temp;
  12   1      }
  13          
  14          /**
  15             *    @brief  获取矩阵按键的键码
  16             *    @param  无
  17             *    @retval 按下的矩阵按键的键码
  18             */
  19          unsigned char Matrix_State()
  20          {
  21   1              unsigned char KeyNumber = 99;
  22   1              P1 = 0xFF;P1_3 = 0;        //依次检测矩阵键盘第一列的行是否导通
  23   1              if(P1_7==0){KeyNumber=1;}if(P1_6==0){KeyNumber=5;}
  24   1              if(P1_5==0){KeyNumber=9;}if(P1_4==0){KeyNumber=13;}
  25   1      
  26   1              P1 = 0xFF;P1_2 = 0;        //依次检测矩阵键盘第二列的行是否导通
  27   1              if(P1_7==0){;KeyNumber=2;}if(P1_6==0){KeyNumber=6;}
  28   1              if(P1_5==0){KeyNumber=10;}if(P1_4==0){KeyNumber=14;}
  29   1      
  30   1              P1 = 0xFF;P1_1 = 0;        //依次检测矩阵键盘第三列的行是否导通
  31   1              if(P1_7==0){KeyNumber=3;}if(P1_6==0){KeyNumber=7;}
  32   1              if(P1_5==0){KeyNumber=11;}if(P1_4==0){KeyNumber=15;}
  33   1              
  34   1              P1 = 0xFF;P1_0 = 0;        //依次检测矩阵键盘第四列的行是否导通
  35   1              if(P1_7==0){KeyNumber=4;}if(P1_6==0){KeyNumber=8;}
  36   1              if(P1_5==0){KeyNumber=12;}if(P1_4==0){KeyNumber=16;}
  37   1      
  38   1              return KeyNumber;
  39   1      }
  40          void Matrix_Loop()
  41          {
  42   1              static unsigned char N_State,L_State;
  43   1              unsigned int i;
  44   1              L_State = N_State;        //按键状态更新
  45   1              N_State = Matrix_State();                 //获取当前按键状态
  46   1              //若上一个中断按键按下，现在这个中断未按下，则判断为刚松手以此作为松手检测
  47   1              for(i=0;i<16;i++)
  48   1              {
  49   2                      if(L_State==(i+1) && N_State==99)
  50   2                      {
  51   3                              Matrix_Number = i+1;
  52   3                              break;
  53   3                      }       
  54   2              }
  55   1      }
C51 COMPILER V9.01   MATRIX_TIMER                                                          02/10/2022 09:25:09 PAGE 2   



MODULE INFORMATION:   STATIC OVERLAYABLE
   CODE SIZE        =    159    ----
   CONSTANT SIZE    =   ----    ----
   XDATA SIZE       =   ----    ----
   PDATA SIZE       =   ----    ----
   DATA SIZE        =      3    ----
   IDATA SIZE       =   ----    ----
   BIT SIZE         =   ----    ----
END OF MODULE INFORMATION.


C51 COMPILATION COMPLETE.  0 WARNING(S),  0 ERROR(S)
