C51 COMPILER V9.01   DELAY                                                                 01/27/2022 15:42:28 PAGE 1   


C51 COMPILER V9.01, COMPILATION OF MODULE DELAY
OBJECT MODULE PLACED IN Delay.OBJ
COMPILER INVOKED BY: E:\Keil5\C51\BIN\C51.EXE Delay.c BROWSE DEBUG OBJECTEXTEND

line level    source

   1          #include <REGX52.H>
   2          /**
   3             *    @brief  延时函数，@12.000MHz
   4             *    @param  无
   5             *    @retval 无
   6             */   
   7             
   8          void Delayms(unsigned int ms)           //@12.000MHz  延时函数
   9          {
  10   1              unsigned char i, j;
  11   1              while(ms)
  12   1              {
  13   2                      i = 2;
  14   2                      j = 239;
  15   2                      do
  16   2                      {
  17   3                              while (--j);
  18   3                      } while (--i);
  19   2                      ms--;
  20   2              }
  21   1      }


MODULE INFORMATION:   STATIC OVERLAYABLE
   CODE SIZE        =     20    ----
   CONSTANT SIZE    =   ----    ----
   XDATA SIZE       =   ----    ----
   PDATA SIZE       =   ----    ----
   DATA SIZE        =   ----    ----
   IDATA SIZE       =   ----    ----
   BIT SIZE         =   ----    ----
END OF MODULE INFORMATION.


C51 COMPILATION COMPLETE.  0 WARNING(S),  0 ERROR(S)
