BL51 BANKED LINKER/LOCATER V6.22                                                        01/07/2022  15:12:46  PAGE 1


BL51 BANKED LINKER/LOCATER V6.22, INVOKED BY:
E:\KEIL5\C51\BIN\BL51.EXE Led_3.obj TO Led_3 RAMSIZE (256)


MEMORY MODEL: SMALL


INPUT MODULES INCLUDED:
  Led_3.obj (LED_3)
  E:\KEIL5\C51\LIB\C51S.LIB (?C_STARTUP)
  E:\KEIL5\C51\LIB\C51S.LIB (?C_INIT)


LINK MAP OF MODULE:  Led_3 (LED_3)


            TYPE    BASE      LENGTH    RELOCATION   SEGMENT NAME
            -----------------------------------------------------

            * * * * * * *   D A T A   M E M O R Y   * * * * * * *
            REG     0000H     0008H     ABSOLUTE     "REG BANK 0"
            DATA    0008H     0008H     UNIT         ?DT?LED_3
            IDATA   0010H     0001H     UNIT         ?STACK

            * * * * * * *   C O D E   M E M O R Y   * * * * * * *
            CODE    0000H     0003H     ABSOLUTE     
                    0003H     07FDH                  *** GAP ***
            CODE    0800H     008CH     UNIT         ?C_C51STARTUP
            CODE    088CH     0028H     UNIT         ?PR?MAIN?LED_3
            CODE    08B4H     0014H     UNIT         ?PR?_DELAYMS?LED_3
            CODE    08C8H     000BH     UNIT         ?C_INITSEG



OVERLAY MAP OF MODULE:   Led_3 (LED_3)


SEGMENT
  +--> CALLED SEGMENT
---------------------
?C_C51STARTUP
  +--> ?PR?MAIN?LED_3
  +--> ?C_INITSEG

?PR?MAIN?LED_3
  +--> ?PR?_DELAYMS?LED_3



SYMBOL TABLE OF MODULE:  Led_3 (LED_3)

  VALUE           TYPE          NAME
  ----------------------------------

  -------         MODULE        LED_3
  C:0000H         SYMBOL        _ICE_DUMMY_
  D:00A0H         PUBLIC        P2
  D:0008H         PUBLIC        table
BL51 BANKED LINKER/LOCATER V6.22                                                      01/07/2022  15:12:46  PAGE 2


  C:088CH         PUBLIC        main
  C:08B4H         PUBLIC        _Delayms
  -------         PROC          _DELAYMS
  D:0006H         SYMBOL        ms
  -------         DO            
  D:0005H         SYMBOL        i
  D:0004H         SYMBOL        j
  -------         ENDDO         
  C:08B4H         LINE#         5
  C:08B4H         LINE#         6
  C:08B4H         LINE#         8
  C:08B8H         LINE#         9
  C:08B8H         LINE#         10
  C:08BAH         LINE#         11
  C:08BCH         LINE#         13
  C:08BCH         LINE#         14
  C:08BEH         LINE#         15
  C:08C0H         LINE#         16
  C:08C5H         LINE#         17
  C:08C7H         LINE#         18
  -------         ENDPROC       _DELAYMS
  -------         PROC          MAIN
  -------         DO            
  D:0002H         SYMBOL        i
  -------         ENDDO         
  C:088CH         LINE#         20
  C:088CH         LINE#         21
  C:088CH         LINE#         23
  C:088CH         LINE#         24
  C:088CH         LINE#         25
  C:088FH         LINE#         26
  C:088FH         LINE#         27
  C:0896H         LINE#         28
  C:089DH         LINE#         29
  C:08A0H         LINE#         30
  C:08A7H         LINE#         31
  -------         ENDPROC       MAIN
  -------         ENDMOD        LED_3

******************************************************************************
* RESTRICTED VERSION WITH 0800H BYTE CODE SIZE LIMIT; USED: 0046H BYTE ( 3%) *
******************************************************************************

Program Size: data=17.0 xdata=0 code=214
LINK/LOCATE RUN COMPLETE.  0 WARNING(S),  0 ERROR(S)
